Flow report for SOC
Tue Nov 25 02:42:28 2025
Quartus Prime Version 18.0.0 Build 614 04/24/2018 SJ Lite Edition


---------------------
; Table of Contents ;
---------------------
  1. Legal Notice
  2. Flow Summary
  3. Flow Settings
  4. Flow Non-Default Global Settings
  5. Flow Elapsed Time
  6. Flow OS Summary
  7. Flow Log
  8. Flow Messages
  9. Flow Suppressed Messages



----------------
; Legal Notice ;
----------------
Copyright (C) 2018  Intel Corporation. All rights reserved.
Your use of Intel Corporation's design tools, logic functions 
and other software and tools, and its AMPP partner logic 
functions, and any output files from any of the foregoing 
(including device programming or simulation files), and any 
associated documentation or information are expressly subject 
to the terms and conditions of the Intel Program License 
Subscription Agreement, the Intel Quartus Prime License Agreement,
the Intel FPGA IP License Agreement, or other applicable license
agreement, including, without limitation, that your use is for
the sole purpose of programming logic devices manufactured by
Intel and sold by Intel or its authorized distributors.  Please
refer to the applicable agreement for further details.



+-------------------------------------------------------------------------------+
; Flow Summary                                                                  ;
+---------------------------------+---------------------------------------------+
; Flow Status                     ; Successful - Tue Nov 25 02:41:47 2025       ;
; Quartus Prime Version           ; 18.0.0 Build 614 04/24/2018 SJ Lite Edition ;
; Revision Name                   ; SOC                                         ;
; Top-level Entity Name           ; top                                         ;
; Family                          ; Cyclone V                                   ;
; Device                          ; 5CGXFC7C7F23C8                              ;
; Timing Models                   ; Final                                       ;
; Logic utilization (in ALMs)     ; 1,545 / 56,480 ( 3 % )                      ;
; Total registers                 ; 2327                                        ;
; Total pins                      ; 12 / 268 ( 4 % )                            ;
; Total virtual pins              ; 0                                           ;
; Total block memory bits         ; 233,984 / 7,024,640 ( 3 % )                 ;
; Total DSP Blocks                ; 3 / 156 ( 2 % )                             ;
; Total HSSI RX PCSs              ; 0 / 6 ( 0 % )                               ;
; Total HSSI PMA RX Deserializers ; 0 / 6 ( 0 % )                               ;
; Total HSSI TX PCSs              ; 0 / 6 ( 0 % )                               ;
; Total HSSI PMA TX Serializers   ; 0 / 6 ( 0 % )                               ;
; Total PLLs                      ; 0 / 13 ( 0 % )                              ;
; Total DLLs                      ; 0 / 4 ( 0 % )                               ;
+---------------------------------+---------------------------------------------+


+-----------------------------------------+
; Flow Settings                           ;
+-------------------+---------------------+
; Option            ; Setting             ;
+-------------------+---------------------+
; Start date & time ; 11/25/2025 02:29:58 ;
; Main task         ; Compilation         ;
; Revision Name     ; SOC                 ;
+-------------------+---------------------+


+----------------------------------------------------------------------------------------------------------------------------------------+
; Flow Non-Default Global Settings                                                                                                       ;
+-------------------------------------+-------------------------------------------------------+---------------+-------------+------------+
; Assignment Name                     ; Value                                                 ; Default Value ; Entity Name ; Section Id ;
+-------------------------------------+-------------------------------------------------------+---------------+-------------+------------+
; COMPILER_SIGNATURE_ID               ; 1095834457148.176405939825428                         ; --            ; --          ; --         ;
; MAX_CORE_JUNCTION_TEMP              ; 85                                                    ; --            ; --          ; --         ;
; MIN_CORE_JUNCTION_TEMP              ; 0                                                     ; --            ; --          ; --         ;
; MISC_FILE                           ; synthesis/../SOC.cmp                                  ; --            ; --          ; --         ;
; MISC_FILE                           ; synthesis/../SOC.qsys                                 ; --            ; --          ; --         ;
; PARTITION_COLOR                     ; -- (Not supported for targeted family)                ; --            ; top         ; Top        ;
; PARTITION_FITTER_PRESERVATION_LEVEL ; -- (Not supported for targeted family)                ; --            ; top         ; Top        ;
; PARTITION_NETLIST_TYPE              ; -- (Not supported for targeted family)                ; --            ; top         ; Top        ;
; POWER_BOARD_THERMAL_MODEL           ; None (CONSERVATIVE)                                   ; --            ; --          ; --         ;
; POWER_PRESET_COOLING_SOLUTION       ; 23 MM HEAT SINK WITH 200 LFPM AIRFLOW                 ; --            ; --          ; --         ;
; PROJECT_OUTPUT_DIRECTORY            ; output_files                                          ; --            ; --          ; --         ;
; SLD_FILE                            ; synthesis/SOC.debuginfo                               ; --            ; --          ; --         ;
; SLD_INFO                            ; QSYS_NAME SOC HAS_SOPCINFO 1 GENERATION_ID 1764058377 ; --            ; --          ; --         ;
; SOPCINFO_FILE                       ; synthesis/../SOC.sopcinfo                             ; --            ; --          ; --         ;
; SYNTHESIS_ONLY_QIP                  ; On                                                    ; --            ; --          ; --         ;
; TOP_LEVEL_ENTITY                    ; top                                                   ; SOC           ; --          ; --         ;
+-------------------------------------+-------------------------------------------------------+---------------+-------------+------------+


+--------------------------------------------------------------------------------------------------------------------------+
; Flow Elapsed Time                                                                                                        ;
+----------------------+--------------+-------------------------+---------------------+------------------------------------+
; Module Name          ; Elapsed Time ; Average Processors Used ; Peak Virtual Memory ; Total CPU Time (on all processors) ;
+----------------------+--------------+-------------------------+---------------------+------------------------------------+
; Analysis & Synthesis ; 00:02:14     ; 1.0                     ; 5101 MB             ; 00:03:09                           ;
; Fitter               ; 00:08:44     ; 1.1                     ; 8022 MB             ; 00:48:41                           ;
; Assembler            ; 00:00:28     ; 1.0                     ; 4875 MB             ; 00:00:27                           ;
; Timing Analyzer      ; 00:00:39     ; 2.2                     ; 5454 MB             ; 00:01:01                           ;
; Total                ; 00:12:05     ; --                      ; --                  ; 00:53:18                           ;
+----------------------+--------------+-------------------------+---------------------+------------------------------------+


+------------------------------------------------------------------------------------+
; Flow OS Summary                                                                    ;
+----------------------+------------------+------------+------------+----------------+
; Module Name          ; Machine Hostname ; OS Name    ; OS Version ; Processor type ;
+----------------------+------------------+------------+------------+----------------+
; Analysis & Synthesis ; Math-Solís       ; Windows 10 ; 10.0       ; x86_64         ;
; Fitter               ; Math-Solís       ; Windows 10 ; 10.0       ; x86_64         ;
; Assembler            ; Math-Solís       ; Windows 10 ; 10.0       ; x86_64         ;
; Timing Analyzer      ; Math-Solís       ; Windows 10 ; 10.0       ; x86_64         ;
+----------------------+------------------+------------+------------+----------------+


------------
; Flow Log ;
------------
quartus_map --read_settings_files=on --write_settings_files=off SOC -c SOC
quartus_fit --read_settings_files=off --write_settings_files=off SOC -c SOC
quartus_asm --read_settings_files=off --write_settings_files=off SOC -c SOC
quartus_sta SOC -c SOC



