Info: Starting: Create block symbol file (.bsf)
Info: qsys-generate C:\Users\hp\Documents\Quartus\SOC\SOC.qsys --block-symbol-file --output-directory=C:\Users\hp\Documents\Quartus\SOC --family="Cyclone V" --part=5CGXFC7C7F23C8
Progress: Loading SOC/SOC.qsys
Progress: Reading input file
Progress: Adding CLK [clock_source 18.0]
Progress: Parameterizing module CLK
Progress: Adding FIFO [altera_avalon_fifo 18.0]
Progress: Parameterizing module FIFO
Progress: Adding NIOS [altera_nios2_gen2 18.0]
Progress: Parameterizing module NIOS
Progress: Adding RAM [altera_avalon_onchip_memory2 18.0]
Progress: Parameterizing module RAM
Progress: Adding audio_0 [altera_up_avalon_audio 18.0]
Progress: Parameterizing module audio_0
Progress: Adding audio_and_video_config_0 [altera_up_avalon_audio_and_video_config 18.0]
Progress: Parameterizing module audio_and_video_config_0
Progress: Building connections
Progress: Parameterizing connections
Progress: Validating
Progress: Done reading input file
Info: qsys-generate succeeded.
Info: Finished: Create block symbol file (.bsf)
Info: 
Info: Starting: Create HDL design files for synthesis
Info: qsys-generate C:\Users\hp\Documents\Quartus\SOC\SOC.qsys --synthesis=VERILOG --greybox --output-directory=C:\Users\hp\Documents\Quartus\SOC\synthesis --family="Cyclone V" --part=5CGXFC7C7F23C8
Progress: Loading SOC/SOC.qsys
Progress: Reading input file
Progress: Adding CLK [clock_source 18.0]
Progress: Parameterizing module CLK
Progress: Adding FIFO [altera_avalon_fifo 18.0]
Progress: Parameterizing module FIFO
Progress: Adding NIOS [altera_nios2_gen2 18.0]
Progress: Parameterizing module NIOS
Progress: Adding RAM [altera_avalon_onchip_memory2 18.0]
Progress: Parameterizing module RAM
Progress: Adding audio_0 [altera_up_avalon_audio 18.0]
Progress: Parameterizing module audio_0
Progress: Adding audio_and_video_config_0 [altera_up_avalon_audio_and_video_config 18.0]
Progress: Parameterizing module audio_and_video_config_0
Progress: Building connections
Progress: Parameterizing connections
Progress: Validating
Progress: Done reading input file
Info: SOC: Generating SOC "SOC" for QUARTUS_SYNTH
Warning: SOC: "No matching role found for audio_and_video_config_0:external_interface:I2C_SDAT (SDAT)"
Warning: SOC: "No matching role found for audio_and_video_config_0:external_interface:I2C_SCLK (SCLK)"
Warning: SOC: "No matching role found for audio_0:external_interface:AUD_DACLRCK (DACLRCK)"
Warning: SOC: "No matching role found for audio_0:external_interface:AUD_ADCLRCK (ADCLRCK)"
Warning: SOC: "No matching role found for audio_0:external_interface:AUD_DACDAT (DACDAT)"
Warning: SOC: "No matching role found for audio_0:external_interface:AUD_ADCDAT (ADCDAT)"
Warning: SOC: "No matching role found for audio_0:external_interface:AUD_BCLK (BCLK)"
Info: FIFO: Starting RTL generation for module 'SOC_FIFO'
Info: FIFO:   Generation command is [exec C:/intelfpga_lite/18.0/quartus/bin64/perl/bin/perl.exe -I C:/intelfpga_lite/18.0/quartus/bin64/perl/lib -I C:/intelfpga_lite/18.0/quartus/sopc_builder/bin/europa -I C:/intelfpga_lite/18.0/quartus/sopc_builder/bin/perl_lib -I C:/intelfpga_lite/18.0/quartus/sopc_builder/bin -I C:/intelfpga_lite/18.0/quartus/../ip/altera/sopc_builder_ip/common -I C:/intelfpga_lite/18.0/quartus/../ip/altera/sopc_builder_ip/altera_avalon_fifo -- C:/intelfpga_lite/18.0/quartus/../ip/altera/sopc_builder_ip/altera_avalon_fifo/generate_rtl.pl --name=SOC_FIFO --dir=C:/Users/hp/AppData/Local/Temp/alt0417_2916080063145447357.dir/0028_FIFO_gen/ --quartus_dir=C:/intelfpga_lite/18.0/quartus --verilog --config=C:/Users/hp/AppData/Local/Temp/alt0417_2916080063145447357.dir/0028_FIFO_gen//SOC_FIFO_component_configuration.pl  --do_build_sim=0  ]
Info: FIFO: Done RTL generation for module 'SOC_FIFO'
Info: FIFO: "SOC" instantiated altera_avalon_fifo "FIFO"
Info: NIOS: "SOC" instantiated altera_nios2_gen2 "NIOS"
Info: RAM: Starting RTL generation for module 'SOC_RAM'
Info: RAM:   Generation command is [exec C:/intelfpga_lite/18.0/quartus/bin64/perl/bin/perl.exe -I C:/intelfpga_lite/18.0/quartus/bin64/perl/lib -I C:/intelfpga_lite/18.0/quartus/sopc_builder/bin/europa -I C:/intelfpga_lite/18.0/quartus/sopc_builder/bin/perl_lib -I C:/intelfpga_lite/18.0/quartus/sopc_builder/bin -I C:/intelfpga_lite/18.0/quartus/../ip/altera/sopc_builder_ip/common -I C:/intelfpga_lite/18.0/quartus/../ip/altera/sopc_builder_ip/altera_avalon_onchip_memory2 -- C:/intelfpga_lite/18.0/quartus/../ip/altera/sopc_builder_ip/altera_avalon_onchip_memory2/generate_rtl.pl --name=SOC_RAM --dir=C:/Users/hp/AppData/Local/Temp/alt0417_2916080063145447357.dir/0029_RAM_gen/ --quartus_dir=C:/intelfpga_lite/18.0/quartus --verilog --config=C:/Users/hp/AppData/Local/Temp/alt0417_2916080063145447357.dir/0029_RAM_gen//SOC_RAM_component_configuration.pl  --do_build_sim=0  ]
Info: RAM: Done RTL generation for module 'SOC_RAM'
Info: RAM: "SOC" instantiated altera_avalon_onchip_memory2 "RAM"
Info: audio_0: Starting Generation of Audio Controller
Info: audio_0: "SOC" instantiated altera_up_avalon_audio "audio_0"
Info: audio_and_video_config_0: Starting Generation of Audio and Video Config
Info: audio_and_video_config_0: "SOC" instantiated altera_up_avalon_audio_and_video_config "audio_and_video_config_0"
Info: avalon_st_adapter: Inserting error_adapter: error_adapter_0
Info: avalon_st_adapter_001: Inserting error_adapter: error_adapter_0
Info: avalon_st_adapter_002: Inserting error_adapter: error_adapter_0
Info: avalon_st_adapter_003: Inserting error_adapter: error_adapter_0
Info: avalon_st_adapter_004: Inserting error_adapter: error_adapter_0
Info: avalon_st_adapter_005: Inserting error_adapter: error_adapter_0
Info: avalon_st_adapter_006: Inserting error_adapter: error_adapter_0
Info: mm_interconnect_0: "SOC" instantiated altera_mm_interconnect "mm_interconnect_0"
Info: irq_mapper: "SOC" instantiated altera_irq_mapper "irq_mapper"
Info: rst_controller: "SOC" instantiated altera_reset_controller "rst_controller"
Info: cpu: Starting RTL generation for module 'SOC_NIOS_cpu'
Info: cpu:   Generation command is [exec C:/intelFPGA_lite/18.0/quartus/bin64//eperlcmd.exe -I C:/intelFPGA_lite/18.0/quartus/bin64//perl/lib -I C:/intelfpga_lite/18.0/quartus/sopc_builder/bin/europa -I C:/intelfpga_lite/18.0/quartus/sopc_builder/bin/perl_lib -I C:/intelfpga_lite/18.0/quartus/sopc_builder/bin -I C:/intelfpga_lite/18.0/quartus/../ip/altera/nios2_ip/altera_nios2_gen2/cpu_lib -I C:/intelfpga_lite/18.0/quartus/../ip/altera/nios2_ip/altera_nios2_gen2/nios_lib -I C:/intelfpga_lite/18.0/quartus/../ip/altera/nios2_ip/altera_nios2_gen2 -I C:/intelfpga_lite/18.0/quartus/../ip/altera/nios2_ip/altera_nios2_gen2 -- C:/intelfpga_lite/18.0/quartus/../ip/altera/nios2_ip/altera_nios2_gen2/generate_rtl.epl --name=SOC_NIOS_cpu --dir=C:/Users/hp/AppData/Local/Temp/alt0417_2916080063145447357.dir/0034_cpu_gen/ --quartus_bindir=C:/intelFPGA_lite/18.0/quartus/bin64/ --verilog --config=C:/Users/hp/AppData/Local/Temp/alt0417_2916080063145447357.dir/0034_cpu_gen//SOC_NIOS_cpu_processor_configuration.pl  --do_build_sim=0  ]
Info: cpu: # 2025.11.25 01:34:23 (*) Starting Nios II generation
Info: cpu: # 2025.11.25 01:34:23 (*)   Checking for plaintext license.
Info: cpu: # 2025.11.25 01:34:25 (*)   Couldn't query license setup in Quartus directory C:/intelFPGA_lite/18.0/quartus/bin64/
Info: cpu: # 2025.11.25 01:34:25 (*)   Defaulting to contents of LM_LICENSE_FILE environment variable
Info: cpu: # 2025.11.25 01:34:25 (*)   LM_LICENSE_FILE environment variable is empty
Info: cpu: # 2025.11.25 01:34:25 (*)   Plaintext license not found.
Info: cpu: # 2025.11.25 01:34:25 (*)   Checking for encrypted license (non-evaluation).
Info: cpu: # 2025.11.25 01:34:26 (*)   Couldn't query license setup in Quartus directory C:/intelFPGA_lite/18.0/quartus/bin64/
Info: cpu: # 2025.11.25 01:34:26 (*)   Defaulting to contents of LM_LICENSE_FILE environment variable
Info: cpu: # 2025.11.25 01:34:26 (*)   LM_LICENSE_FILE environment variable is empty
Info: cpu: # 2025.11.25 01:34:26 (*)   Encrypted license not found.  Defaulting to OCP evaluation license (produces a time-limited SOF)
Info: cpu: # 2025.11.25 01:34:26 (*)   Elaborating CPU configuration settings
Info: cpu: # 2025.11.25 01:34:26 (*)   Creating all objects for CPU
Info: cpu: # 2025.11.25 01:34:26 (*)     Testbench
Info: cpu: # 2025.11.25 01:34:27 (*)     Instruction decoding
Info: cpu: # 2025.11.25 01:34:27 (*)       Instruction fields
Info: cpu: # 2025.11.25 01:34:27 (*)       Instruction decodes
Info: cpu: # 2025.11.25 01:34:28 (*)       Signals for RTL simulation waveforms
Info: cpu: # 2025.11.25 01:34:28 (*)       Instruction controls
Info: cpu: # 2025.11.25 01:34:28 (*)     Pipeline frontend
Info: cpu: # 2025.11.25 01:34:28 (*)     Pipeline backend
Info: cpu: # 2025.11.25 01:34:33 (*)   Generating RTL from CPU objects
Info: cpu: # 2025.11.25 01:34:36 (*)   Creating encrypted RTL
Info: cpu: # 2025.11.25 01:34:37 (*) Done Nios II generation
Info: cpu: Done RTL generation for module 'SOC_NIOS_cpu'
Info: cpu: "NIOS" instantiated altera_nios2_gen2_unit "cpu"
Info: NIOS_data_master_translator: "mm_interconnect_0" instantiated altera_merlin_master_translator "NIOS_data_master_translator"
Info: audio_0_avalon_audio_slave_translator: "mm_interconnect_0" instantiated altera_merlin_slave_translator "audio_0_avalon_audio_slave_translator"
Info: NIOS_data_master_agent: "mm_interconnect_0" instantiated altera_merlin_master_agent "NIOS_data_master_agent"
Info: audio_0_avalon_audio_slave_agent: "mm_interconnect_0" instantiated altera_merlin_slave_agent "audio_0_avalon_audio_slave_agent"
Info: audio_0_avalon_audio_slave_agent_rsp_fifo: "mm_interconnect_0" instantiated altera_avalon_sc_fifo "audio_0_avalon_audio_slave_agent_rsp_fifo"
Info: router: "mm_interconnect_0" instantiated altera_merlin_router "router"
Info: router_001: "mm_interconnect_0" instantiated altera_merlin_router "router_001"
Info: router_002: "mm_interconnect_0" instantiated altera_merlin_router "router_002"
Info: router_004: "mm_interconnect_0" instantiated altera_merlin_router "router_004"
Info: NIOS_data_master_limiter: "mm_interconnect_0" instantiated altera_merlin_traffic_limiter "NIOS_data_master_limiter"
Info: Reusing file C:/Users/hp/Documents/Quartus/SOC/synthesis/submodules/altera_avalon_sc_fifo.v
Info: cmd_demux: "mm_interconnect_0" instantiated altera_merlin_demultiplexer "cmd_demux"
Info: cmd_demux_001: "mm_interconnect_0" instantiated altera_merlin_demultiplexer "cmd_demux_001"
Info: cmd_mux: "mm_interconnect_0" instantiated altera_merlin_multiplexer "cmd_mux"
Info: cmd_mux_002: "mm_interconnect_0" instantiated altera_merlin_multiplexer "cmd_mux_002"
Info: Reusing file C:/Users/hp/Documents/Quartus/SOC/synthesis/submodules/altera_merlin_arbitrator.sv
Info: rsp_demux: "mm_interconnect_0" instantiated altera_merlin_demultiplexer "rsp_demux"
Info: rsp_demux_002: "mm_interconnect_0" instantiated altera_merlin_demultiplexer "rsp_demux_002"
Info: rsp_mux: "mm_interconnect_0" instantiated altera_merlin_multiplexer "rsp_mux"
Info: Reusing file C:/Users/hp/Documents/Quartus/SOC/synthesis/submodules/altera_merlin_arbitrator.sv
Info: rsp_mux_001: "mm_interconnect_0" instantiated altera_merlin_multiplexer "rsp_mux_001"
Info: Reusing file C:/Users/hp/Documents/Quartus/SOC/synthesis/submodules/altera_merlin_arbitrator.sv
Info: avalon_st_adapter: "mm_interconnect_0" instantiated altera_avalon_st_adapter "avalon_st_adapter"
Info: error_adapter_0: "avalon_st_adapter" instantiated error_adapter "error_adapter_0"
Info: SOC: Done "SOC" with 30 modules, 69 files
Info: Generating third-party timing and resource estimation model ...
Info: Done generating third-party timing and resource estimation model.
Info: qsys-generate succeeded.
Info: Finished: Create HDL design files for synthesis
